// Jest Snapshot v1, https://goo.gl/fbAQLP

exports[`Computer renders correctly 1`] = `
ShallowWrapper {
  "length": 1,
  Symbol(enzyme.__root__): [Circular],
  Symbol(enzyme.__unrendered__): <Computer />,
  Symbol(enzyme.__renderer__): Object {
    "batchedUpdates": [Function],
    "getNode": [Function],
    "render": [Function],
    "simulateEvent": [Function],
    "unmount": [Function],
  },
  Symbol(enzyme.__node__): Object {
    "instance": null,
    "key": undefined,
    "nodeType": "host",
    "props": Object {
      "children": <header>
        <header>
                <h1
                        className="Computer__title"
                >
                        Computer
                </h1>
        </header>
        <div
                className="Computer__choice"
        >
                <h2
                        className="Computer__ChosenShape"
                />
        </div>
</header>,
      "className": "Computer",
    },
    "ref": null,
    "rendered": Object {
      "instance": null,
      "key": undefined,
      "nodeType": "host",
      "props": Object {
        "children": Array [
          <header>
            <h1
                        className="Computer__title"
            >
                        Computer
            </h1>
</header>,
          <div
            className="Computer__choice"
>
            <h2
                        className="Computer__ChosenShape"
            />
</div>,
        ],
      },
      "ref": null,
      "rendered": Array [
        Object {
          "instance": null,
          "key": undefined,
          "nodeType": "host",
          "props": Object {
            "children": <h1
              className="Computer__title"
>
              Computer
</h1>,
          },
          "ref": null,
          "rendered": Object {
            "instance": null,
            "key": undefined,
            "nodeType": "host",
            "props": Object {
              "children": "Computer",
              "className": "Computer__title",
            },
            "ref": null,
            "rendered": "Computer",
            "type": "h1",
          },
          "type": "header",
        },
        Object {
          "instance": null,
          "key": undefined,
          "nodeType": "host",
          "props": Object {
            "children": <h2
              className="Computer__ChosenShape"
/>,
            "className": "Computer__choice",
          },
          "ref": null,
          "rendered": Object {
            "instance": null,
            "key": undefined,
            "nodeType": "host",
            "props": Object {
              "children": undefined,
              "className": "Computer__ChosenShape",
            },
            "ref": null,
            "rendered": null,
            "type": "h2",
          },
          "type": "div",
        },
      ],
      "type": "header",
    },
    "type": "section",
  },
  Symbol(enzyme.__nodes__): Array [
    Object {
      "instance": null,
      "key": undefined,
      "nodeType": "host",
      "props": Object {
        "children": <header>
          <header>
                    <h1
                              className="Computer__title"
                    >
                              Computer
                    </h1>
          </header>
          <div
                    className="Computer__choice"
          >
                    <h2
                              className="Computer__ChosenShape"
                    />
          </div>
</header>,
        "className": "Computer",
      },
      "ref": null,
      "rendered": Object {
        "instance": null,
        "key": undefined,
        "nodeType": "host",
        "props": Object {
          "children": Array [
            <header>
              <h1
                            className="Computer__title"
              >
                            Computer
              </h1>
</header>,
            <div
              className="Computer__choice"
>
              <h2
                            className="Computer__ChosenShape"
              />
</div>,
          ],
        },
        "ref": null,
        "rendered": Array [
          Object {
            "instance": null,
            "key": undefined,
            "nodeType": "host",
            "props": Object {
              "children": <h1
                className="Computer__title"
>
                Computer
</h1>,
            },
            "ref": null,
            "rendered": Object {
              "instance": null,
              "key": undefined,
              "nodeType": "host",
              "props": Object {
                "children": "Computer",
                "className": "Computer__title",
              },
              "ref": null,
              "rendered": "Computer",
              "type": "h1",
            },
            "type": "header",
          },
          Object {
            "instance": null,
            "key": undefined,
            "nodeType": "host",
            "props": Object {
              "children": <h2
                className="Computer__ChosenShape"
/>,
              "className": "Computer__choice",
            },
            "ref": null,
            "rendered": Object {
              "instance": null,
              "key": undefined,
              "nodeType": "host",
              "props": Object {
                "children": undefined,
                "className": "Computer__ChosenShape",
              },
              "ref": null,
              "rendered": null,
              "type": "h2",
            },
            "type": "div",
          },
        ],
        "type": "header",
      },
      "type": "section",
    },
  ],
  Symbol(enzyme.__options__): Object {
    "adapter": ReactSixteenAdapter {
      "options": Object {
        "enableComponentDidUpdateOnSetState": true,
      },
    },
    "disableLifecycleMethods": true,
  },
}
`;
