// Jest Snapshot v1, https://goo.gl/fbAQLP

exports[`Player renders correctly 1`] = `
ShallowWrapper {
  "length": 1,
  Symbol(enzyme.__root__): [Circular],
  Symbol(enzyme.__unrendered__): <Player
    playerChoice={[Function]}
/>,
  Symbol(enzyme.__renderer__): Object {
    "batchedUpdates": [Function],
    "getNode": [Function],
    "render": [Function],
    "simulateEvent": [Function],
    "unmount": [Function],
  },
  Symbol(enzyme.__node__): Object {
    "instance": null,
    "key": undefined,
    "nodeType": "host",
    "props": Object {
      "children": Array [
        <header>
          <h1
                    className="Player__title"
          >
                    Player
          </h1>
</header>,
        <div
          className="Player__choice"
>
          <h2
                    className="Player__ChosenShape"
          />
</div>,
        <button
          className="btn--rock"
          onClick={[Function]}
>
          Rock
</button>,
        <button
          className="btn--paper"
          onClick={[Function]}
>
          Paper
</button>,
        <button
          className="btn--scissors"
          onClick={[Function]}
>
          Scissors
</button>,
      ],
      "className": "Player",
    },
    "ref": null,
    "rendered": Array [
      Object {
        "instance": null,
        "key": undefined,
        "nodeType": "host",
        "props": Object {
          "children": <h1
            className="Player__title"
>
            Player
</h1>,
        },
        "ref": null,
        "rendered": Object {
          "instance": null,
          "key": undefined,
          "nodeType": "host",
          "props": Object {
            "children": "Player",
            "className": "Player__title",
          },
          "ref": null,
          "rendered": "Player",
          "type": "h1",
        },
        "type": "header",
      },
      Object {
        "instance": null,
        "key": undefined,
        "nodeType": "host",
        "props": Object {
          "children": <h2
            className="Player__ChosenShape"
/>,
          "className": "Player__choice",
        },
        "ref": null,
        "rendered": Object {
          "instance": null,
          "key": undefined,
          "nodeType": "host",
          "props": Object {
            "children": undefined,
            "className": "Player__ChosenShape",
          },
          "ref": null,
          "rendered": null,
          "type": "h2",
        },
        "type": "div",
      },
      Object {
        "instance": null,
        "key": undefined,
        "nodeType": "host",
        "props": Object {
          "children": "Rock",
          "className": "btn--rock",
          "onClick": [Function],
        },
        "ref": null,
        "rendered": "Rock",
        "type": "button",
      },
      Object {
        "instance": null,
        "key": undefined,
        "nodeType": "host",
        "props": Object {
          "children": "Paper",
          "className": "btn--paper",
          "onClick": [Function],
        },
        "ref": null,
        "rendered": "Paper",
        "type": "button",
      },
      Object {
        "instance": null,
        "key": undefined,
        "nodeType": "host",
        "props": Object {
          "children": "Scissors",
          "className": "btn--scissors",
          "onClick": [Function],
        },
        "ref": null,
        "rendered": "Scissors",
        "type": "button",
      },
    ],
    "type": "section",
  },
  Symbol(enzyme.__nodes__): Array [
    Object {
      "instance": null,
      "key": undefined,
      "nodeType": "host",
      "props": Object {
        "children": Array [
          <header>
            <h1
                        className="Player__title"
            >
                        Player
            </h1>
</header>,
          <div
            className="Player__choice"
>
            <h2
                        className="Player__ChosenShape"
            />
</div>,
          <button
            className="btn--rock"
            onClick={[Function]}
>
            Rock
</button>,
          <button
            className="btn--paper"
            onClick={[Function]}
>
            Paper
</button>,
          <button
            className="btn--scissors"
            onClick={[Function]}
>
            Scissors
</button>,
        ],
        "className": "Player",
      },
      "ref": null,
      "rendered": Array [
        Object {
          "instance": null,
          "key": undefined,
          "nodeType": "host",
          "props": Object {
            "children": <h1
              className="Player__title"
>
              Player
</h1>,
          },
          "ref": null,
          "rendered": Object {
            "instance": null,
            "key": undefined,
            "nodeType": "host",
            "props": Object {
              "children": "Player",
              "className": "Player__title",
            },
            "ref": null,
            "rendered": "Player",
            "type": "h1",
          },
          "type": "header",
        },
        Object {
          "instance": null,
          "key": undefined,
          "nodeType": "host",
          "props": Object {
            "children": <h2
              className="Player__ChosenShape"
/>,
            "className": "Player__choice",
          },
          "ref": null,
          "rendered": Object {
            "instance": null,
            "key": undefined,
            "nodeType": "host",
            "props": Object {
              "children": undefined,
              "className": "Player__ChosenShape",
            },
            "ref": null,
            "rendered": null,
            "type": "h2",
          },
          "type": "div",
        },
        Object {
          "instance": null,
          "key": undefined,
          "nodeType": "host",
          "props": Object {
            "children": "Rock",
            "className": "btn--rock",
            "onClick": [Function],
          },
          "ref": null,
          "rendered": "Rock",
          "type": "button",
        },
        Object {
          "instance": null,
          "key": undefined,
          "nodeType": "host",
          "props": Object {
            "children": "Paper",
            "className": "btn--paper",
            "onClick": [Function],
          },
          "ref": null,
          "rendered": "Paper",
          "type": "button",
        },
        Object {
          "instance": null,
          "key": undefined,
          "nodeType": "host",
          "props": Object {
            "children": "Scissors",
            "className": "btn--scissors",
            "onClick": [Function],
          },
          "ref": null,
          "rendered": "Scissors",
          "type": "button",
        },
      ],
      "type": "section",
    },
  ],
  Symbol(enzyme.__options__): Object {
    "adapter": ReactSixteenAdapter {
      "options": Object {
        "enableComponentDidUpdateOnSetState": true,
      },
    },
    "disableLifecycleMethods": true,
  },
}
`;
